Microchip Technology Inc, v1.34 (A)

Tool Name:
  c:\progra~2\microc~1\xc16\v1.34\bin\bin\..\bin/elf-ld.exe

Command:
  -p33FJ32MC202 \
  -o \
  hola_dspic.elf \
  -Lc:/progra~2/microc~1/xc16/v1.34/bin/bin/.. \
  -Lc:/progra~2/microc~1/xc16/v1.34/bin/bin/../../lib \
  -Lc:/progra~2/microc~1/xc16/v1.34/bin/bin/../../support/PIC24E/gld \
  -Lc:/progra~2/microc~1/xc16/v1.34/bin/bin/../../support/PIC24F/gld \
  -Lc:/progra~2/microc~1/xc16/v1.34/bin/bin/../../support/PIC24H/gld \
  -Lc:/progra~2/microc~1/xc16/v1.34/bin/bin/../../support/dsPIC30F/gld \
  -Lc:/progra~2/microc~1/xc16/v1.34/bin/bin/../../support/dsPIC33C/gld \
  -Lc:/progra~2/microc~1/xc16/v1.34/bin/bin/../../support/dsPIC33E/gld \
  -Lc:/progra~2/microc~1/xc16/v1.34/bin/bin/../../support/dsPIC33F/gld \
  MCHP_ADC1_Interrupt.o \
  MCHP_UART1_Interrupt.o \
  hola_dspic_data.o \
  hola_dspic_main.o \
  rtGetInf.o \
  rtGetNaN.o \
  rt_nonfinite.o \
  hola_dspic.o \
  -Tp33FJ32MC202.gld.00 \
  -t \
  --report-mem \
  -Map=info.map \
  -cref \
  --library=q-dsp \
  --memorysummary \
  memoryfile.xml \
  -start-group \
  --library=lega-pic30-elf \
  --library=m-elf \
  --library=lega-c-elf \
  -end-group \


Optional library libp33FJ32MC202.a not found
Archive member included because of file (symbol)

c:/progra~2/microc~1/xc16/v1.34/bin/bin/../../lib\liblega-pic30-elf.a(crt0_standard.o)
                              (__resetPRI)
c:/progra~2/microc~1/xc16/v1.34/bin/bin/../../lib\liblega-pic30-elf.a(data_init_standard.o)
                              c:/progra~2/microc~1/xc16/v1.34/bin/bin/../../lib\liblega-pic30-elf.a(crt0_standard.o) (__data_init_standard)
c:/progra~2/microc~1/xc16/v1.34/bin/bin/../../lib\liblega-pic30-elf.a(crt_start_mode_normal.Leo)
                              (__crt_start_mode_normal)
c:/progra~2/microc~1/xc16/v1.34/bin/bin/../../lib\libm-elf.a(addsf3.eo)
                              hola_dspic.o (___addsf3)
c:/progra~2/microc~1/xc16/v1.34/bin/bin/../../lib\libm-elf.a(feqltle.eo)
                              rt_nonfinite.o (___eqsf2)
c:/progra~2/microc~1/xc16/v1.34/bin/bin/../../lib\libm-elf.a(fixsfsi.eo)
                              hola_dspic.o (_(float, int, long long, short, float, short, int))
c:/progra~2/microc~1/xc16/v1.34/bin/bin/../../lib\libm-elf.a(fixunssfsi.eo)
                              hola_dspic.o (___fixunssfsi)
c:/progra~2/microc~1/xc16/v1.34/bin/bin/../../lib\libm-elf.a(floatsisf.eo)
                              hola_dspic.o (___floatsisf)
c:/progra~2/microc~1/xc16/v1.34/bin/bin/../../lib\libm-elf.a(floatunsisf.eo)
                              hola_dspic.o (___floatunsisf)
c:/progra~2/microc~1/xc16/v1.34/bin/bin/../../lib\libm-elf.a(floorf.eo)
                              hola_dspic.o (_floorf)
c:/progra~2/microc~1/xc16/v1.34/bin/bin/../../lib\libm-elf.a(fmodf.eo)
                              hola_dspic.o (_fmodf)
c:/progra~2/microc~1/xc16/v1.34/bin/bin/../../lib\libm-elf.a(fmodrem.eo)
                              c:/progra~2/microc~1/xc16/v1.34/bin/bin/../../lib\libm-elf.a(fmodf.eo) (__fmodrem)
c:/progra~2/microc~1/xc16/v1.34/bin/bin/../../lib\libm-elf.a(fne.eo)
                              rt_nonfinite.o (___nesf2)
c:/progra~2/microc~1/xc16/v1.34/bin/bin/../../lib\libm-elf.a(fpack.eo)
                              c:/progra~2/microc~1/xc16/v1.34/bin/bin/../../lib\libm-elf.a(addsf3.eo) (__fpack)
c:/progra~2/microc~1/xc16/v1.34/bin/bin/../../lib\libm-elf.a(funpack.eo)
                              c:/progra~2/microc~1/xc16/v1.34/bin/bin/../../lib\libm-elf.a(fixsfsi.eo) (__funpack)
c:/progra~2/microc~1/xc16/v1.34/bin/bin/../../lib\libm-elf.a(funpack2.eo)
                              c:/progra~2/microc~1/xc16/v1.34/bin/bin/../../lib\libm-elf.a(addsf3.eo) (__funpack2)
c:/progra~2/microc~1/xc16/v1.34/bin/bin/../../lib\libm-elf.a(futil.eo)
                              c:/progra~2/microc~1/xc16/v1.34/bin/bin/../../lib\libm-elf.a(addsf3.eo) (__fPropagateNaN)
c:/progra~2/microc~1/xc16/v1.34/bin/bin/../../lib\libm-elf.a(ldexpf.eo)
                              hola_dspic.o (_ldexpf)
c:/progra~2/microc~1/xc16/v1.34/bin/bin/../../lib\libm-elf.a(mulsf3.eo)
                              hola_dspic.o (___mulsf3)
c:/progra~2/microc~1/xc16/v1.34/bin/bin/../../lib\libm-elf.a(errno.eo)
                              c:/progra~2/microc~1/xc16/v1.34/bin/bin/../../lib\libm-elf.a(fmodrem.eo) (_errno)
c:/progra~2/microc~1/xc16/v1.34/bin/bin/../../lib\libm-elf.a(fchop.eo)
                              c:/progra~2/microc~1/xc16/v1.34/bin/bin/../../lib\libm-elf.a(floorf.eo) (__fchop)
c:/progra~2/microc~1/xc16/v1.34/bin/bin/../../lib\libm-elf.a(fcompare.eo)
                              c:/progra~2/microc~1/xc16/v1.34/bin/bin/../../lib\libm-elf.a(feqltle.eo) (__fcompare)
c:/progra~2/microc~1/xc16/v1.34/bin/bin/../../lib\libm-elf.a(floatdisf.eo)
                              c:/progra~2/microc~1/xc16/v1.34/bin/bin/../../lib\libm-elf.a(floatsisf.eo) (___floatdisf)
[...]
Memory Configuration

Name             Origin             Length             Attributes
data             0x000800           0x000800           a !xr
reset            0x000000           0x000004  
ivt              0x000004           0x0000fc  
_reserved        0x000100           0x000004  
aivt             0x000104           0x0000fc  
program          0x000200           0x005600           xr
FBS              0xf80000           0x000002  
FGS              0xf80004           0x000002  
FOSCSEL          0xf80006           0x000002  
FOSC             0xf80008           0x000002  
FWDT             0xf8000a           0x000002  
FPOR             0xf8000c           0x000002  
FICD             0xf8000e           0x000002  
FUID0            0xf80010           0x000002  
FUID1            0xf80012           0x000002  
FUID2            0xf80014           0x000002  
FUID3            0xf80016           0x000002  
*default*        0x000000           0xffffffff  

Linker script and memory map

LOAD MCHP_ADC1_Interrupt.o
LOAD MCHP_UART1_Interrupt.o
LOAD hola_dspic_data.o
LOAD hola_dspic_main.o
LOAD rtGetInf.o
LOAD rtGetNaN.o
LOAD rt_nonfinite.o
LOAD hola_dspic.o
LOAD p33FJ32MC202
LOAD c:/progra~2/microc~1/xc16/v1.34/bin/bin/../../lib\libfx-elf.a
                    0xf80000                  __FBS = 0xf80000
                    0xf80004                  __FGS = 0xf80004
                    0xf80006                  __FOSCSEL = 0xf80006
                    0xf80008                  __FOSC = 0xf80008
                    0xf8000a                  __FWDT = 0xf8000a
                    0xf8000c                  __FPOR = 0xf8000c
                    0xf8000e                  __FICD = 0xf8000e
                    0xf80010                  __FUID0 = 0xf80010
                    0xf80012                  __FUID1 = 0xf80012
                    0xf80014                  __FUID2 = 0xf80014
                    0xf80016                  __FUID3 = 0xf80016
                    0x0001                  __NO_HANDLES = 0x1
                    0x0200                  __CODE_BASE = 0x200
                    0x5600                  __CODE_LENGTH = 0x5600
                    0x0004                  __IVT_BASE = 0x4
                    0x0104                  __AIVT_BASE = 0x104
                    0x0800                  __DATA_BASE = 0x800
                    0x0800                  __DATA_LENGTH = 0x800
                    0x0c00                  __YDATA_BASE = 0xc00

.reset            0x000000          0x4
                  0x000000          0x2 SHORT 0x200 ABSOLUTE (__reset)
                  0x000001          0x2 SHORT 0x4
                  0x000002          0x2 SHORT 0x0 ((ABSOLUTE (__reset) >> 0x10) & 0x7f)
                  0x000003          0x2 SHORT 0x0

.text             0x000200        0x5c8
 *(.init)
 .init            0x000200         0x4c c:/progra~2/microc~1/xc16/v1.34/bin/bin/../../lib\liblega-pic30-elf.a(crt0_standard.o)
                  0x000200                  __resetPRI
                  0x000200                  __reset
                  0x00023c                  __psv_init
 .init            0x00024c         0x7c c:/progra~2/microc~1/xc16/v1.34/bin/bin/../../lib\liblega-pic30-elf.a(data_init_standard.o)
                  0x000252                  __data_init_standard
                  0x000252                  __data_init
 *(.user_init)
 *(.handle)
 *(.isr*)
 .isr.text        0x0002c8         0x2c MCHP_ADC1_Interrupt.o
                  0x0002c8                  __T3Interrupt
                  0x0002dc                  __ADC1Interrupt
 .isr.text        0x0002f4         0x82 MCHP_UART1_Interrupt.o
                  0x0002f4                  __U1TXInterrupt
                  0x00032a                  __U1RXInterrupt
 .isr             0x000376          0x4 default_isr
                  0x000376                  __DefaultInterrupt
 *(.libc)
 *(.libm)
 *(.libdsp)
 *(.lib*)
 .libpic30_crt_start_mode
                  0x00037a          0x2 c:/progra~2/microc~1/xc16/v1.34/bin/bin/../../lib\liblega-pic30-elf.a(crt_start_mode_normal.Leo)
                  0x00037a                  __crt_start_mode
                  0x00037a                  __crt_start_mode_normal
 .libm.subsf3     0x00037c         0xbc c:/progra~2/microc~1/xc16/v1.34/bin/bin/../../lib\libm-elf.a(addsf3.eo)
                  0x00037c                  ___subsf3
                  0x00037e                  ___addsf3
 .libm.eqsf2      0x000438          0x4 c:/progra~2/microc~1/xc16/v1.34/bin/bin/../../lib\libm-elf.a(feqltle.eo)
                  0x000438                  ___eqsf2
                  0x000438                  ___ltsf2
                  0x000438                  ___lesf2
 .libm.fixsfsi    0x00043c         0x42 c:/progra~2/microc~1/xc16/v1.34/bin/bin/../../lib\libm-elf.a(fixsfsi.eo)
                  0x00043c                  _(float, int, long long, short, float, short, int)
 .libm.fixunssfsi
                  0x00047e         0x36 c:/progra~2/microc~1/xc16/v1.34/bin/bin/../../lib\libm-elf.a(fixunssfsi.eo)
                  0x00047e                  ___fixunssfsi
 .libm.floatsisf
                  0x0004b4          0x6 c:/progra~2/microc~1/xc16/v1.34/bin/bin/../../lib\libm-elf.a(floatsisf.eo)
                  0x0004b4                  ___floatsisf
 .libm.floatunsisf
                  0x0004ba          0x4 c:/progra~2/microc~1/xc16/v1.34/bin/bin/../../lib\libm-elf.a(floatunsisf.eo)
                  0x0004ba                  ___floatunsisf
 .libm.floorf     0x0004be         0x10 c:/progra~2/microc~1/xc16/v1.34/bin/bin/../../lib\libm-elf.a(floorf.eo)
                  0x0004be                  _floorf
 .libm.fmodf      0x0004ce          0x4 c:/progra~2/microc~1/xc16/v1.34/bin/bin/../../lib\libm-elf.a(fmodf.eo)
                  0x0004ce                  _fmodf
 .libm.fmodrem    0x0004d2         0x9e c:/progra~2/microc~1/xc16/v1.34/bin/bin/../../lib\libm-elf.a(fmodrem.eo)
                  0x0004d2                  __fmodrem
 .libm.nesf2      0x000570          0x4 c:/progra~2/microc~1/xc16/v1.34/bin/bin/../../lib\libm-elf.a(fne.eo)
                  0x000570                  ___nesf2
 .libm.fpack      0x000574         0x4c c:/progra~2/microc~1/xc16/v1.34/bin/bin/../../lib\libm-elf.a(fpack.eo)
                  0x000574                  __fpack
 .libm.funpack    0x0005c0         0x2a c:/progra~2/microc~1/xc16/v1.34/bin/bin/../../lib\libm-elf.a(funpack.eo)
                  0x0005c0                  __funpack
 .libm.funpack2
                  0x0005ea         0x10 c:/progra~2/microc~1/xc16/v1.34/bin/bin/../../lib\libm-elf.a(funpack2.eo)
                  0x0005ea                  __funpack2
 .libm.fPropagateNaN
                  0x0005fa         0x12 c:/progra~2/microc~1/xc16/v1.34/bin/bin/../../lib\libm-elf.a(futil.eo)
                  0x0005fa                  __fPropagateNaN
 .libm.fbobExit
                  0x00060c          0x8 c:/progra~2/microc~1/xc16/v1.34/bin/bin/../../lib\libm-elf.a(futil.eo)
                  0x00060c                  __fbopExit
 .libm.fbopReturnNaN
                  0x000614          0x6 c:/progra~2/microc~1/xc16/v1.34/bin/bin/../../lib\libm-elf.a(futil.eo)
                  0x000614                  __fbopReturnNaN
 .libm.ldexpf     0x00061a         0x44 c:/progra~2/microc~1/xc16/v1.34/bin/bin/../../lib\libm-elf.a(ldexpf.eo)
                  0x00061a                  _ldexpf
 .libm.mulsf3     0x00065e         0x68 c:/progra~2/microc~1/xc16/v1.34/bin/bin/../../lib\libm-elf.a(mulsf3.eo)
                  0x00065e                  ___mulsf3
 .libm.fchop      0x0006c6         0x4e c:/progra~2/microc~1/xc16/v1.34/bin/bin/../../lib\libm-elf.a(fchop.eo)
                  0x0006c6                  __fchop
 .libm.fcompare
                  0x000714         0x36 c:/progra~2/microc~1/xc16/v1.34/bin/bin/../../lib\libm-elf.a(fcompare.eo)
                  0x000714                  __fcompare
 .libm.floatdisf
                  0x00074a         0x20 c:/progra~2/microc~1/xc16/v1.34/bin/bin/../../lib\libm-elf.a(floatdisf.eo)
                  0x00074a                  ___floatdisf
 .libm.floatundisf
                  0x00076a         0x5e c:/progra~2/microc~1/xc16/v1.34/bin/bin/../../lib\libm-elf.a(floatundisf.eo)
                  0x00076a                  ___floatundisf

usercode
 *(usercode)

__FBS
 *(__FBS.sec*)

__FGS
 *(__FGS.sec*)

__FOSCSEL
 *(__FOSCSEL.sec*)

__FOSC
 *(__FOSC.sec*)

__FWDT
 *(__FWDT.sec*)

__FPOR
 *(__FPOR.sec*)

__FICD
 *(__FICD.sec*)

__FUID0
 *(__FUID0.sec*)

__FUID1
 *(__FUID1.sec*)

__FUID2
 *(__FUID2.sec*)

__FUID3
 *(__FUID3.sec*)

.comment
 *(.comment)

.debug_info       0x000000       0x2ce8
 *(.debug_info)
 .debug_info      0x000000        0x3b4 MCHP_ADC1_Interrupt.o
 .debug_info      0x0003b4        0x659 MCHP_UART1_Interrupt.o
 .debug_info      0x000a0d        0x1d5 hola_dspic_data.o
 .debug_info      0x000be2        0x9a7 hola_dspic_main.o
 .debug_info      0x001589        0x2b9 rtGetInf.o
 .debug_info      0x001842        0x249 rtGetNaN.o
 .debug_info      0x001a8b        0x357 rt_nonfinite.o
 .debug_info      0x001de2        0xf06 hola_dspic.o
 *(.gnu.linkonce.wi.*)

.debug_abbrev     0x000000        0x7c7
 *(.debug_abbrev)
 .debug_abbrev    0x000000         0xef MCHP_ADC1_Interrupt.o
 .debug_abbrev    0x0000ef        0x163 MCHP_UART1_Interrupt.o
 .debug_abbrev    0x000252         0x72 hola_dspic_data.o
 .debug_abbrev    0x0002c4        0x136 hola_dspic_main.o
 .debug_abbrev    0x0003fa         0xbb rtGetInf.o
 .debug_abbrev    0x0004b5         0xae rtGetNaN.o
 .debug_abbrev    0x000563         0xbe rt_nonfinite.o
 .debug_abbrev    0x000621        0x1a6 hola_dspic.o

.debug_line       0x000000        0x756
 *(.debug_line)
 .debug_line      0x000000        0x10b MCHP_ADC1_Interrupt.o
 .debug_line      0x00010b        0x134 MCHP_UART1_Interrupt.o
 .debug_line      0x00023f         0x4d hola_dspic_data.o
 .debug_line      0x00028c        0x104 hola_dspic_main.o
 .debug_line      0x000390         0xba rtGetInf.o
 .debug_line      0x00044a         0xb1 rtGetNaN.o
 .debug_line      0x0004fb         0xc4 rt_nonfinite.o
 .debug_line      0x0005bf        0x197 hola_dspic.o

.debug_frame      0x000000        0x244
 *(.debug_frame)
 .debug_frame     0x000000         0x42 MCHP_ADC1_Interrupt.o
 .debug_frame     0x000042         0x62 MCHP_UART1_Interrupt.o
 .debug_frame     0x0000a4         0x24 hola_dspic_main.o
 .debug_frame     0x0000c8         0x54 rtGetInf.o
 .debug_frame     0x00011c         0x34 rtGetNaN.o
 .debug_frame     0x000150         0x9c rt_nonfinite.o
 .debug_frame     0x0001ec         0x58 hola_dspic.o

.debug_str        0x000000        0x1a9
 *(.debug_str)
 .debug_str       0x000000         0x34 MCHP_ADC1_Interrupt.o
 .debug_str       0x000034         0x51 MCHP_UART1_Interrupt.o
 .debug_str       0x000085         0x41 hola_dspic_main.o
 .debug_str       0x0000c6          0xc rtGetInf.o
 .debug_str       0x0000d2         0x1d rt_nonfinite.o
 .debug_str       0x0000ef         0xba hola_dspic.o

.debug_loc
 *(.debug_loc)

.debug_macinfo
 *(.debug_macinfo)

.debug_pubnames
                  0x000000        0x272
 *(.debug_pubnames)
 .debug_pubnames
                  0x000000         0x4b MCHP_ADC1_Interrupt.o
 .debug_pubnames
                  0x00004b         0x5c MCHP_UART1_Interrupt.o
 .debug_pubnames
                  0x0000a7         0x28 hola_dspic_data.o
 .debug_pubnames
                  0x0000cf         0x30 hola_dspic_main.o
 .debug_pubnames
                  0x0000ff         0x52 rtGetInf.o
 .debug_pubnames
                  0x000151         0x2d rtGetNaN.o
 .debug_pubnames
                  0x00017e         0xa2 rt_nonfinite.o
 .debug_pubnames
                  0x000220         0x52 hola_dspic.o

.debug_ranges
 *(.debug_ranges)

.debug_aranges    0x000000         0xa8
 *(.debug_aranges)
 .debug_aranges
                  0x000000         0x18 MCHP_ADC1_Interrupt.o
 .debug_aranges
                  0x000018         0x18 MCHP_UART1_Interrupt.o
 .debug_aranges
                  0x000030         0x18 hola_dspic_main.o
 .debug_aranges
                  0x000048         0x18 rtGetInf.o
 .debug_aranges
                  0x000060         0x18 rtGetNaN.o
 .debug_aranges
                  0x000078         0x18 rt_nonfinite.o
 .debug_aranges
                  0x000090         0x18 hola_dspic.o
                    0x0000                  WREG0 = 0x0
                    0x0000                  _WREG0 = 0x0
                    0x0002                  WREG1 = 0x2
                    0x0002                  _WREG1 = 0x2
                    0x0004                  WREG2 = 0x4
                    0x0004                  _WREG2 = 0x4
                    0x0006                  WREG3 = 0x6
                    0x0006                  _WREG3 = 0x6
                    0x0008                  WREG4 = 0x8
                    0x0008                  _WREG4 = 0x8
                    0x000a                  WREG5 = 0xa
                    0x000a                  _WREG5 = 0xa
                    0x000c                  WREG6 = 0xc
                    0x000c                  _WREG6 = 0xc
                    0x000e                  WREG7 = 0xe
                    0x000e                  _WREG7 = 0xe
                    0x0010                  WREG8 = 0x10
                    0x0010                  _WREG8 = 0x10
                    0x0012                  WREG9 = 0x12
                    0x0012                  _WREG9 = 0x12
                    0x0014                  WREG10 = 0x14
                    0x0014                  _WREG10 = 0x14
                    0x0016                  WREG11 = 0x16
                    0x0016                  _WREG11 = 0x16
                    0x0018                  WREG12 = 0x18
                    0x0018                  _WREG12 = 0x18
                    0x001a                  WREG13 = 0x1a
                    0x001a                  _WREG13 = 0x1a
                    0x001c                  WREG14 = 0x1c
                    0x001c                  _WREG14 = 0x1c
                    0x001e                  WREG15 = 0x1e
                    0x001e                  _WREG15 = 0x1e
                    0x0020                  SPLIM = 0x20
                    0x0020                  _SPLIM = 0x20
                    0x0022                  ACCAL = 0x22
                    0x0022                  _ACCAL = 0x22
                    0x0024                  ACCAH = 0x24
                    0x0024                  _ACCAH = 0x24
                    0x0026                  ACCAU = 0x26
                    0x0026                  _ACCAU = 0x26
                    0x0028                  ACCBL = 0x28
                    0x0028                  _ACCBL = 0x28
                    0x002a                  ACCBH = 0x2a
                    0x002a                  _ACCBH = 0x2a
                    0x002c                  ACCBU = 0x2c
                    0x002c                  _ACCBU = 0x2c
                    0x002e                  PCL = 0x2e
                    0x002e                  _PCL = 0x2e
                    0x0030                  PCH = 0x30
                    0x0030                  _PCH = 0x30
                    0x0032                  TBLPAG = 0x32
                    0x0032                  _TBLPAG = 0x32
                    0x0034                  PSVPAG = 0x34
                    0x0034                  _PSVPAG = 0x34
                    0x0036                  RCOUNT = 0x36
                    0x0036                  _RCOUNT = 0x36
                    0x0038                  DCOUNT = 0x38
                    0x0038                  _DCOUNT = 0x38
                    0x003a                  DOSTARTL = 0x3a
                    0x003a                  _DOSTARTL = 0x3a
                    0x003c                  DOSTARTH = 0x3c
                    0x003c                  _DOSTARTH = 0x3c
                    0x003e                  DOENDL = 0x3e
                    0x003e                  _DOENDL = 0x3e
                    0x0040                  DOENDH = 0x40
                    0x0040                  _DOENDH = 0x40
                    0x0042                  SR = 0x42
                    0x0042                  _SR = 0x42
                    0x0042                  _SRbits = 0x42
                    0x0044                  CORCON = 0x44
                    0x0044                  _CORCON = 0x44
                    0x0044                  _CORCONbits = 0x44
                    0x0046                  MODCON = 0x46
                    0x0046                  _MODCON = 0x46
                    0x0046                  _MODCONbits = 0x46
                    0x0048                  XMODSRT = 0x48
                    0x0048                  _XMODSRT = 0x48
                    0x004a                  XMODEND = 0x4a
                    0x004a                  _XMODEND = 0x4a
                    0x004c                  YMODSRT = 0x4c
                    0x004c                  _YMODSRT = 0x4c
                    0x004e                  YMODEND = 0x4e
                    0x004e                  _YMODEND = 0x4e
                    0x0050                  XBREV = 0x50
                    0x0050                  _XBREV = 0x50
                    0x0050                  _XBREVbits = 0x50
                    0x0052                  DISICNT = 0x52
                    0x0052                  _DISICNT = 0x52
                    0x0060                  CNEN1 = 0x60
                    0x0060                  _CNEN1 = 0x60
                    0x0060                  _CNEN1bits = 0x60
                    0x0062                  CNEN2 = 0x62
                    0x0062                  _CNEN2 = 0x62
                    0x0062                  _CNEN2bits = 0x62
                    0x0068                  CNPU1 = 0x68
                    0x0068                  _CNPU1 = 0x68
                    0x0068                  _CNPU1bits = 0x68
                    0x006a                  CNPU2 = 0x6a
                    0x006a                  _CNPU2 = 0x6a
                    0x006a                  _CNPU2bits = 0x6a
                    0x0080                  INTCON1 = 0x80
                    0x0080                  _INTCON1 = 0x80
                    0x0080                  _INTCON1bits = 0x80
                    0x0082                  INTCON2 = 0x82
                    0x0082                  _INTCON2 = 0x82
                    0x0082                  _INTCON2bits = 0x82
                    0x0084                  IFS0 = 0x84
                    0x0084                  _IFS0 = 0x84
                    0x0084                  _IFS0bits = 0x84
                    0x0086                  IFS1 = 0x86
                    0x0086                  _IFS1 = 0x86
                    0x0086                  _IFS1bits = 0x86
                    0x008a                  IFS3 = 0x8a
                    0x008a                  _IFS3 = 0x8a
                    0x008a                  _IFS3bits = 0x8a
                    0x008c                  IFS4 = 0x8c
                    0x008c                  _IFS4 = 0x8c
                    0x008c                  _IFS4bits = 0x8c
                    0x0094                  IEC0 = 0x94
                    0x0094                  _IEC0 = 0x94
                    0x0094                  _IEC0bits = 0x94
                    0x0096                  IEC1 = 0x96
                    0x0096                  _IEC1 = 0x96
                    0x0096                  _IEC1bits = 0x96
                    0x009a                  IEC3 = 0x9a
                    0x009a                  _IEC3 = 0x9a
                    0x009a                  _IEC3bits = 0x9a
                    0x009c                  IEC4 = 0x9c
                    0x009c                  _IEC4 = 0x9c
                    0x009c                  _IEC4bits = 0x9c
                    0x00a4                  IPC0 = 0xa4
                    0x00a4                  _IPC0 = 0xa4
                    0x00a4                  _IPC0bits = 0xa4
                    0x00a6                  IPC1 = 0xa6
                    0x00a6                  _IPC1 = 0xa6
                    0x00a6                  _IPC1bits = 0xa6
                    0x00a8                  IPC2 = 0xa8
                    0x00a8                  _IPC2 = 0xa8
                    0x00a8                  _IPC2bits = 0xa8
                    0x00aa                  IPC3 = 0xaa
                    0x00aa                  _IPC3 = 0xaa
                    0x00aa                  _IPC3bits = 0xaa
                    0x00ac                  IPC4 = 0xac
                    0x00ac                  _IPC4 = 0xac
                    0x00ac                  _IPC4bits = 0xac
                    0x00ae                  IPC5 = 0xae
                    0x00ae                  _IPC5 = 0xae
                    0x00ae                  _IPC5bits = 0xae
                    0x00b2                  IPC7 = 0xb2
                    0x00b2                  _IPC7 = 0xb2
                    0x00b2                  _IPC7bits = 0xb2
                    0x00c0                  IPC14 = 0xc0
                    0x00c0                  _IPC14 = 0xc0
                    0x00c0                  _IPC14bits = 0xc0
                    0x00c2                  IPC15 = 0xc2
                    0x00c2                  _IPC15 = 0xc2
                    0x00c2                  _IPC15bits = 0xc2
                    0x00c4                  IPC16 = 0xc4
                    0x00c4                  _IPC16 = 0xc4
                    0x00c4                  _IPC16bits = 0xc4
                    0x00c8                  IPC18 = 0xc8
                    0x00c8                  _IPC18 = 0xc8
                    0x00c8                  _IPC18bits = 0xc8
                    0x00e0                  INTTREG = 0xe0
                    0x00e0                  _INTTREG = 0xe0
                    0x00e0                  _INTTREGbits = 0xe0
                    0x0100                  TMR1 = 0x100
                    0x0100                  _TMR1 = 0x100
                    0x0102                  PR1 = 0x102
                    0x0102                  _PR1 = 0x102
                    0x0104                  T1CON = 0x104
                    0x0104                  _T1CON = 0x104
                    0x0104                  _T1CONbits = 0x104
                    0x0106                  TMR2 = 0x106
                    0x0106                  _TMR2 = 0x106
                    0x0108                  TMR3HLD = 0x108
                    0x0108                  _TMR3HLD = 0x108
                    0x010a                  TMR3 = 0x10a
                    0x010a                  _TMR3 = 0x10a
                    0x010c                  PR2 = 0x10c
                    0x010c                  _PR2 = 0x10c
                    0x010e                  PR3 = 0x10e
                    0x010e                  _PR3 = 0x10e
                    0x0110                  T2CON = 0x110
                    0x0110                  _T2CON = 0x110
                    0x0110                  _T2CONbits = 0x110
                    0x0112                  T3CON = 0x112
                    0x0112                  _T3CON = 0x112
                    0x0112                  _T3CONbits = 0x112
                    0x0140                  IC1BUF = 0x140
                    0x0140                  _IC1BUF = 0x140
                    0x0142                  IC1CON = 0x142
                    0x0142                  _IC1CON = 0x142
                    0x0142                  _IC1CONbits = 0x142
                    0x0144                  IC2BUF = 0x144
                    0x0144                  _IC2BUF = 0x144
                    0x0146                  IC2CON = 0x146
                    0x0146                  _IC2CON = 0x146
                    0x0146                  _IC2CONbits = 0x146
                    0x0158                  IC7BUF = 0x158
                    0x0158                  _IC7BUF = 0x158
                    0x015a                  IC7CON = 0x15a
                    0x015a                  _IC7CON = 0x15a
                    0x015a                  _IC7CONbits = 0x15a
                    0x015c                  IC8BUF = 0x15c
                    0x015c                  _IC8BUF = 0x15c
                    0x015e                  IC8CON = 0x15e
                    0x015e                  _IC8CON = 0x15e
                    0x015e                  _IC8CONbits = 0x15e
                    0x0180                  OC1RS = 0x180
                    0x0180                  _OC1RS = 0x180
                    0x0182                  OC1R = 0x182
                    0x0182                  _OC1R = 0x182
                    0x0184                  OC1CON = 0x184
                    0x0184                  _OC1CON = 0x184
                    0x0184                  _OC1CONbits = 0x184
                    0x0186                  OC2RS = 0x186
                    0x0186                  _OC2RS = 0x186
                    0x0188                  OC2R = 0x188
                    0x0188                  _OC2R = 0x188
                    0x018a                  OC2CON = 0x18a
                    0x018a                  _OC2CON = 0x18a
                    0x018a                  _OC2CONbits = 0x18a
                    0x01c0                  P1TCON = 0x1c0
                    0x01c0                  _P1TCON = 0x1c0
                    0x01c0                  _P1TCONbits = 0x1c0
                    0x01c0                  PTCON = 0x1c0
                    0x01c0                  _PTCON = 0x1c0
                    0x01c0                  _PTCONbits = 0x1c0
                    0x01c2                  P1TMR = 0x1c2
                    0x01c2                  _P1TMR = 0x1c2
                    0x01c2                  _P1TMRbits = 0x1c2
                    0x01c2                  PTMR = 0x1c2
                    0x01c2                  _PTMR = 0x1c2
                    0x01c2                  _PTMRbits = 0x1c2
                    0x01c4                  P1TPER = 0x1c4
                    0x01c4                  _P1TPER = 0x1c4
                    0x01c4                  _P1TPERbits = 0x1c4
                    0x01c4                  PTPER = 0x1c4
                    0x01c4                  _PTPER = 0x1c4
                    0x01c4                  _PTPERbits = 0x1c4
                    0x01c6                  P1SECMP = 0x1c6
                    0x01c6                  _P1SECMP = 0x1c6
                    0x01c6                  _P1SECMPbits = 0x1c6
                    0x01c6                  SEVTCMP = 0x1c6
                    0x01c6                  _SEVTCMP = 0x1c6
                    0x01c6                  _SEVTCMPbits = 0x1c6
                    0x01c8                  PWM1CON1 = 0x1c8
                    0x01c8                  _PWM1CON1 = 0x1c8
                    0x01c8                  _PWM1CON1bits = 0x1c8
                    0x01c8                  PWMCON1 = 0x1c8
                    0x01c8                  _PWMCON1 = 0x1c8
                    0x01c8                  _PWMCON1bits = 0x1c8
                    0x01ca                  PWM1CON2 = 0x1ca
                    0x01ca                  _PWM1CON2 = 0x1ca
                    0x01ca                  _PWM1CON2bits = 0x1ca
                    0x01ca                  PWMCON2 = 0x1ca
                    0x01ca                  _PWMCON2 = 0x1ca
                    0x01ca                  _PWMCON2bits = 0x1ca
                    0x01cc                  DTCON1 = 0x1cc
                    0x01cc                  _DTCON1 = 0x1cc
                    0x01cc                  _DTCON1bits = 0x1cc
                    0x01cc                  P1DTCON1 = 0x1cc
                    0x01cc                  _P1DTCON1 = 0x1cc
                    0x01cc                  _P1DTCON1bits = 0x1cc
                    0x01ce                  DTCON2 = 0x1ce
                    0x01ce                  _DTCON2 = 0x1ce
                    0x01ce                  _DTCON2bits = 0x1ce
                    0x01ce                  P1DTCON2 = 0x1ce
                    0x01ce                  _P1DTCON2 = 0x1ce
                    0x01ce                  _P1DTCON2bits = 0x1ce
                    0x01d0                  FLTACON = 0x1d0
                    0x01d0                  _FLTACON = 0x1d0
                    0x01d0                  _FLTACONbits = 0x1d0
                    0x01d0                  P1FLTACON = 0x1d0
                    0x01d0                  _P1FLTACON = 0x1d0
                    0x01d0                  _P1FLTACONbits = 0x1d0
                    0x01d4                  OVDCON = 0x1d4
                    0x01d4                  _OVDCON = 0x1d4
                    0x01d4                  _OVDCONbits = 0x1d4
                    0x01d4                  P1OVDCON = 0x1d4
                    0x01d4                  _P1OVDCON = 0x1d4
                    0x01d4                  _P1OVDCONbits = 0x1d4
                    0x01d6                  P1DC1 = 0x1d6
                    0x01d6                  _P1DC1 = 0x1d6
                    0x01d6                  PDC1 = 0x1d6
                    0x01d6                  _PDC1 = 0x1d6
                    0x01d8                  P1DC2 = 0x1d8
                    0x01d8                  _P1DC2 = 0x1d8
                    0x01d8                  PDC2 = 0x1d8
                    0x01d8                  _PDC2 = 0x1d8
                    0x01da                  P1DC3 = 0x1da
                    0x01da                  _P1DC3 = 0x1da
                    0x01da                  PDC3 = 0x1da
                    0x01da                  _PDC3 = 0x1da
                    0x01e0                  QEI1CON = 0x1e0
                    0x01e0                  _QEI1CON = 0x1e0
                    0x01e0                  _QEI1CONbits = 0x1e0
                    0x01e0                  QEICON = 0x1e0
                    0x01e0                  _QEICON = 0x1e0
                    0x01e0                  _QEICONbits = 0x1e0
                    0x01e2                  DFLT1CON = 0x1e2
                    0x01e2                  _DFLT1CON = 0x1e2
                    0x01e2                  _DFLT1CONbits = 0x1e2
                    0x01e2                  DFLTCON = 0x1e2
                    0x01e2                  _DFLTCON = 0x1e2
                    0x01e2                  _DFLTCONbits = 0x1e2
                    0x01e4                  POS1CNT = 0x1e4
                    0x01e4                  _POS1CNT = 0x1e4
                    0x01e4                  POSCNT = 0x1e4
                    0x01e4                  _POSCNT = 0x1e4
                    0x01e6                  MAX1CNT = 0x1e6
                    0x01e6                  _MAX1CNT = 0x1e6
                    0x01e6                  MAXCNT = 0x1e6
                    0x01e6                  _MAXCNT = 0x1e6
                    0x0200                  I2C1RCV = 0x200
                    0x0200                  _I2C1RCV = 0x200
                    0x0200                  I2CRCV = 0x200
                    0x0200                  _I2CRCV = 0x200
                    0x0202                  I2C1TRN = 0x202
                    0x0202                  _I2C1TRN = 0x202
                    0x0202                  I2CTRN = 0x202
                    0x0202                  _I2CTRN = 0x202
                    0x0204                  I2C1BRG = 0x204
                    0x0204                  _I2C1BRG = 0x204
                    0x0206                  I2C1CON = 0x206
                    0x0206                  _I2C1CON = 0x206
                    0x0206                  _I2C1CONbits = 0x206
                    0x0206                  I2CCON = 0x206
                    0x0206                  _I2CCON = 0x206
                    0x0206                  _I2CCONbits = 0x206
                    0x0208                  I2C1STAT = 0x208
                    0x0208                  _I2C1STAT = 0x208
                    0x0208                  _I2C1STATbits = 0x208
                    0x0208                  I2CSTAT = 0x208
                    0x0208                  _I2CSTAT = 0x208
                    0x0208                  _I2CSTATbits = 0x208
                    0x020a                  I2C1ADD = 0x20a
                    0x020a                  _I2C1ADD = 0x20a
                    0x020a                  I2CADD = 0x20a
                    0x020a                  _I2CADD = 0x20a
                    0x020c                  I2C1MSK = 0x20c
                    0x020c                  _I2C1MSK = 0x20c
                    0x0220                  U1MODE = 0x220
                    0x0220                  _U1MODE = 0x220
                    0x0220                  _U1MODEbits = 0x220
                    0x0222                  U1STA = 0x222
                    0x0222                  _U1STA = 0x222
                    0x0222                  _U1STAbits = 0x222
                    0x0224                  U1TXREG = 0x224
                    0x0224                  _U1TXREG = 0x224
                    0x0224                  _U1TXREGbits = 0x224
                    0x0226                  U1RXREG = 0x226
                    0x0226                  _U1RXREG = 0x226
                    0x0226                  _U1RXREGbits = 0x226
                    0x0228                  U1BRG = 0x228
                    0x0228                  _U1BRG = 0x228
                    0x0240                  SPI1STAT = 0x240
                    0x0240                  _SPI1STAT = 0x240
                    0x0240                  _SPI1STATbits = 0x240
                    0x0242                  SPI1CON1 = 0x242
                    0x0242                  _SPI1CON1 = 0x242
                    0x0242                  _SPI1CON1bits = 0x242
                    0x0244                  SPI1CON2 = 0x244
                    0x0244                  _SPI1CON2 = 0x244
                    0x0244                  _SPI1CON2bits = 0x244
                    0x0248                  SPI1BUF = 0x248
                    0x0248                  _SPI1BUF = 0x248
                    0x02c0                  TRISA = 0x2c0
                    0x02c0                  _TRISA = 0x2c0
                    0x02c0                  _TRISAbits = 0x2c0
                    0x02c2                  PORTA = 0x2c2
                    0x02c2                  _PORTA = 0x2c2
                    0x02c2                  _PORTAbits = 0x2c2
                    0x02c4                  LATA = 0x2c4
                    0x02c4                  _LATA = 0x2c4
                    0x02c4                  _LATAbits = 0x2c4
                    0x02c6                  ODCA = 0x2c6
                    0x02c6                  _ODCA = 0x2c6
                    0x02c6                  _ODCAbits = 0x2c6
                    0x02c8                  TRISB = 0x2c8
                    0x02c8                  _TRISB = 0x2c8
                    0x02c8                  _TRISBbits = 0x2c8
                    0x02ca                  PORTB = 0x2ca
                    0x02ca                  _PORTB = 0x2ca
                    0x02ca                  _PORTBbits = 0x2ca
                    0x02cc                  LATB = 0x2cc
                    0x02cc                  _LATB = 0x2cc
                    0x02cc                  _LATBbits = 0x2cc
                    0x02ce                  ODCB = 0x2ce
                    0x02ce                  _ODCB = 0x2ce
                    0x02ce                  _ODCBbits = 0x2ce
                    0x0300                  ADC1BUF0 = 0x300
                    0x0300                  _ADC1BUF0 = 0x300
                    0x0300                  ADCBUF0 = 0x300
                    0x0300                  _ADCBUF0 = 0x300
                    0x0302                  ADC1BUF1 = 0x302
                    0x0302                  _ADC1BUF1 = 0x302
                    0x0302                  ADCBUF1 = 0x302
                    0x0302                  _ADCBUF1 = 0x302
                    0x0304                  ADC1BUF2 = 0x304
                    0x0304                  _ADC1BUF2 = 0x304
                    0x0304                  ADCBUF2 = 0x304
                    0x0304                  _ADCBUF2 = 0x304
                    0x0306                  ADC1BUF3 = 0x306
                    0x0306                  _ADC1BUF3 = 0x306
                    0x0306                  ADCBUF3 = 0x306
                    0x0306                  _ADCBUF3 = 0x306
                    0x0308                  ADC1BUF4 = 0x308
                    0x0308                  _ADC1BUF4 = 0x308
                    0x0308                  ADCBUF4 = 0x308
                    0x0308                  _ADCBUF4 = 0x308
                    0x030a                  ADC1BUF5 = 0x30a
                    0x030a                  _ADC1BUF5 = 0x30a
                    0x030a                  ADCBUF5 = 0x30a
                    0x030a                  _ADCBUF5 = 0x30a
                    0x030c                  ADC1BUF6 = 0x30c
                    0x030c                  _ADC1BUF6 = 0x30c
                    0x030c                  ADCBUF6 = 0x30c
                    0x030c                  _ADCBUF6 = 0x30c
                    0x030e                  ADC1BUF7 = 0x30e
                    0x030e                  _ADC1BUF7 = 0x30e
                    0x030e                  ADCBUF7 = 0x30e
                    0x030e                  _ADCBUF7 = 0x30e
                    0x0310                  ADC1BUF8 = 0x310
                    0x0310                  _ADC1BUF8 = 0x310
                    0x0310                  ADCBUF8 = 0x310
                    0x0310                  _ADCBUF8 = 0x310
                    0x0312                  ADC1BUF9 = 0x312
                    0x0312                  _ADC1BUF9 = 0x312
                    0x0312                  ADCBUF9 = 0x312
                    0x0312                  _ADCBUF9 = 0x312
                    0x0314                  ADC1BUFA = 0x314
                    0x0314                  _ADC1BUFA = 0x314
                    0x0314                  ADCBUFA = 0x314
                    0x0314                  _ADCBUFA = 0x314
                    0x0316                  ADC1BUFB = 0x316
                    0x0316                  _ADC1BUFB = 0x316
                    0x0316                  ADCBUFB = 0x316
                    0x0316                  _ADCBUFB = 0x316
                    0x0318                  ADC1BUFC = 0x318
                    0x0318                  _ADC1BUFC = 0x318
                    0x0318                  ADCBUFC = 0x318
                    0x0318                  _ADCBUFC = 0x318
                    0x031a                  ADC1BUFD = 0x31a
                    0x031a                  _ADC1BUFD = 0x31a
                    0x031a                  ADCBUFD = 0x31a
                    0x031a                  _ADCBUFD = 0x31a
                    0x031c                  ADC1BUFE = 0x31c
                    0x031c                  _ADC1BUFE = 0x31c
                    0x031c                  ADCBUFE = 0x31c
                    0x031c                  _ADCBUFE = 0x31c
                    0x031e                  ADC1BUFF = 0x31e
                    0x031e                  _ADC1BUFF = 0x31e
                    0x031e                  ADCBUFF = 0x31e
                    0x031e                  _ADCBUFF = 0x31e
                    0x0320                  AD1CON1 = 0x320
                    0x0320                  _AD1CON1 = 0x320
                    0x0320                  _AD1CON1bits = 0x320
                    0x0322                  AD1CON2 = 0x322
                    0x0322                  _AD1CON2 = 0x322
                    0x0322                  _AD1CON2bits = 0x322
                    0x0324                  AD1CON3 = 0x324
                    0x0324                  _AD1CON3 = 0x324
                    0x0324                  _AD1CON3bits = 0x324
                    0x0326                  AD1CHS123 = 0x326
                    0x0326                  _AD1CHS123 = 0x326
                    0x0326                  _AD1CHS123bits = 0x326
                    0x0328                  AD1CHS0 = 0x328
                    0x0328                  _AD1CHS0 = 0x328
                    0x0328                  _AD1CHS0bits = 0x328
                    0x032c                  AD1PCFGL = 0x32c
                    0x032c                  _AD1PCFGL = 0x32c
                    0x032c                  _AD1PCFGLbits = 0x32c
                    0x032c                  ADPCFG = 0x32c
                    0x032c                  _ADPCFG = 0x32c
                    0x032c                  _ADPCFGbits = 0x32c
                    0x0330                  AD1CSSL = 0x330
                    0x0330                  _AD1CSSL = 0x330
                    0x0330                  _AD1CSSLbits = 0x330
                    0x05c0                  P2TCON = 0x5c0
                    0x05c0                  _P2TCON = 0x5c0
                    0x05c0                  _P2TCONbits = 0x5c0
                    0x05c2                  P2TMR = 0x5c2
                    0x05c2                  _P2TMR = 0x5c2
                    0x05c2                  _P2TMRbits = 0x5c2
                    0x05c4                  P2TPER = 0x5c4
                    0x05c4                  _P2TPER = 0x5c4
                    0x05c4                  _P2TPERbits = 0x5c4
                    0x05c6                  P2SECMP = 0x5c6
                    0x05c6                  _P2SECMP = 0x5c6
                    0x05c6                  _P2SECMPbits = 0x5c6
                    0x05c8                  PWM2CON1 = 0x5c8
                    0x05c8                  _PWM2CON1 = 0x5c8
                    0x05c8                  _PWM2CON1bits = 0x5c8
                    0x05ca                  PWM2CON2 = 0x5ca
                    0x05ca                  _PWM2CON2 = 0x5ca
                    0x05ca                  _PWM2CON2bits = 0x5ca
                    0x05cc                  P2DTCON1 = 0x5cc
                    0x05cc                  _P2DTCON1 = 0x5cc
                    0x05cc                  _P2DTCON1bits = 0x5cc
                    0x05ce                  P2DTCON2 = 0x5ce
                    0x05ce                  _P2DTCON2 = 0x5ce
                    0x05ce                  _P2DTCON2bits = 0x5ce
                    0x05d0                  P2FLTACON = 0x5d0
                    0x05d0                  _P2FLTACON = 0x5d0
                    0x05d0                  _P2FLTACONbits = 0x5d0
                    0x05d4                  P2OVDCON = 0x5d4
                    0x05d4                  _P2OVDCON = 0x5d4
                    0x05d4                  _P2OVDCONbits = 0x5d4
                    0x05d6                  P2DC1 = 0x5d6
                    0x05d6                  _P2DC1 = 0x5d6
                    0x0680                  RPINR0 = 0x680
                    0x0680                  _RPINR0 = 0x680
                    0x0680                  _RPINR0bits = 0x680
                    0x0682                  RPINR1 = 0x682
                    0x0682                  _RPINR1 = 0x682
                    0x0682                  _RPINR1bits = 0x682
                    0x0686                  RPINR3 = 0x686
                    0x0686                  _RPINR3 = 0x686
                    0x0686                  _RPINR3bits = 0x686
                    0x068e                  RPINR7 = 0x68e
                    0x068e                  _RPINR7 = 0x68e
                    0x068e                  _RPINR7bits = 0x68e
                    0x0694                  RPINR10 = 0x694
                    0x0694                  _RPINR10 = 0x694
                    0x0694                  _RPINR10bits = 0x694
                    0x0696                  RPINR11 = 0x696
                    0x0696                  _RPINR11 = 0x696
                    0x0696                  _RPINR11bits = 0x696
                    0x0698                  RPINR12 = 0x698
                    0x0698                  _RPINR12 = 0x698
                    0x0698                  _RPINR12bits = 0x698
                    0x069a                  RPINR13 = 0x69a
                    0x069a                  _RPINR13 = 0x69a
                    0x069a                  _RPINR13bits = 0x69a
                    0x069c                  RPINR14 = 0x69c
                    0x069c                  _RPINR14 = 0x69c
                    0x069c                  _RPINR14bits = 0x69c
                    0x069e                  RPINR15 = 0x69e
                    0x069e                  _RPINR15 = 0x69e
                    0x069e                  _RPINR15bits = 0x69e
                    0x06a4                  RPINR18 = 0x6a4
                    0x06a4                  _RPINR18 = 0x6a4
                    0x06a4                  _RPINR18bits = 0x6a4
                    0x06a8                  RPINR20 = 0x6a8
                    0x06a8                  _RPINR20 = 0x6a8
                    0x06a8                  _RPINR20bits = 0x6a8
                    0x06aa                  RPINR21 = 0x6aa
                    0x06aa                  _RPINR21 = 0x6aa
                    0x06aa                  _RPINR21bits = 0x6aa
                    0x06c0                  RPOR0 = 0x6c0
                    0x06c0                  _RPOR0 = 0x6c0
                    0x06c0                  _RPOR0bits = 0x6c0
                    0x06c2                  RPOR1 = 0x6c2
                    0x06c2                  _RPOR1 = 0x6c2
                    0x06c2                  _RPOR1bits = 0x6c2
                    0x06c4                  RPOR2 = 0x6c4
                    0x06c4                  _RPOR2 = 0x6c4
                    0x06c4                  _RPOR2bits = 0x6c4
                    0x06c6                  RPOR3 = 0x6c6
                    0x06c6                  _RPOR3 = 0x6c6
                    0x06c6                  _RPOR3bits = 0x6c6
                    0x06c8                  RPOR4 = 0x6c8
                    0x06c8                  _RPOR4 = 0x6c8
                    0x06c8                  _RPOR4bits = 0x6c8
                    0x06ca                  RPOR5 = 0x6ca
                    0x06ca                  _RPOR5 = 0x6ca
                    0x06ca                  _RPOR5bits = 0x6ca
                    0x06cc                  RPOR6 = 0x6cc
                    0x06cc                  _RPOR6 = 0x6cc
                    0x06cc                  _RPOR6bits = 0x6cc
                    0x06ce                  RPOR7 = 0x6ce
                    0x06ce                  _RPOR7 = 0x6ce
                    0x06ce                  _RPOR7bits = 0x6ce
                    0x0740                  RCON = 0x740
                    0x0740                  _RCON = 0x740
                    0x0740                  _RCONbits = 0x740
                    0x0742                  OSCCON = 0x742
                    0x0742                  _OSCCON = 0x742
                    0x0742                  _OSCCONbits = 0x742
                    0x0742                  OSCCONL = 0x742
                    0x0742                  _OSCCONL = 0x742
                    0x0743                  OSCCONH = 0x743
                    0x0743                  _OSCCONH = 0x743
                    0x0744                  CLKDIV = 0x744
                    0x0744                  _CLKDIV = 0x744
                    0x0744                  _CLKDIVbits = 0x744
                    0x0746                  PLLFBD = 0x746
                    0x0746                  _PLLFBD = 0x746
                    0x0746                  _PLLFBDbits = 0x746
                    0x0748                  OSCTUN = 0x748
                    0x0748                  _OSCTUN = 0x748
                    0x0748                  _OSCTUNbits = 0x748
                    0x0760                  NVMCON = 0x760
                    0x0760                  _NVMCON = 0x760
                    0x0760                  _NVMCONbits = 0x760
                    0x0766                  NVMKEY = 0x766
                    0x0766                  _NVMKEY = 0x766
                    0x0770                  PMD1 = 0x770
                    0x0770                  _PMD1 = 0x770
                    0x0770                  _PMD1bits = 0x770
                    0x0772                  PMD2 = 0x772
                    0x0772                  _PMD2 = 0x772
                    0x0772                  _PMD2bits = 0x772
                    0x0774                  PMD3 = 0x774
                    0x0774                  _PMD3 = 0x774
                    0x0774                  _PMD3bits = 0x774
                    0x0022                  ACCA = 0x22
                    0x0022                  _ACCA = 0x22
                    0x0028                  ACCB = 0x28
                    0x0028                  _ACCB = 0x28
                    0x0140                  IC1 = 0x140
                    0x0140                  _IC1 = 0x140
                    0x0144                  IC2 = 0x144
                    0x0144                  _IC2 = 0x144
                    0x0158                  IC7 = 0x158
                    0x0158                  _IC7 = 0x158
                    0x015c                  IC8 = 0x15c
                    0x015c                  _IC8 = 0x15c
                    0x0180                  OC1 = 0x180
                    0x0180                  _OC1 = 0x180
                    0x0186                  OC2 = 0x186
                    0x0186                  _OC2 = 0x186
                    0x0240                  SPI1 = 0x240
                    0x0240                  _SPI1 = 0x240
                    0x0220                  UART1 = 0x220
                    0x0220                  _UART1 = 0x220
LOAD c:/progra~2/microc~1/xc16/v1.34/bin/bin/../../lib\libq-dsp-elf.a
START GROUP
LOAD c:/progra~2/microc~1/xc16/v1.34/bin/bin/../../lib\liblega-pic30-elf.a
LOAD c:/progra~2/microc~1/xc16/v1.34/bin/bin/../../lib\libm-elf.a
LOAD c:/progra~2/microc~1/xc16/v1.34/bin/bin/../../lib\liblega-c-elf.a
END GROUP
OUTPUT(hola_dspic.elf elf32-pic30)
LOAD default_isr
LOAD data_init

.debug_pubtypes
                  0x0000a8        0x4d2
 .debug_pubtypes
                  0x0000a8         0x54 MCHP_ADC1_Interrupt.o
 .debug_pubtypes
                  0x0000fc         0xc6 MCHP_UART1_Interrupt.o
 .debug_pubtypes
                  0x0001c2         0x37 hola_dspic_data.o
 .debug_pubtypes
                  0x0001f9         0xbd hola_dspic_main.o
 .debug_pubtypes
                  0x0002b6         0x5c rtGetInf.o
 .debug_pubtypes
                  0x000312         0x5c rtGetNaN.o
 .debug_pubtypes
                  0x00036e         0x4e rt_nonfinite.o
 .debug_pubtypes
                  0x0003bc        0x1be hola_dspic.o

__c30_signature
                  0x00057a         0xba
 __c30_signature
                  0x00057a          0x6 MCHP_ADC1_Interrupt.o
 __c30_signature
                  0x000580          0x6 MCHP_UART1_Interrupt.o
 __c30_signature
                  0x000586          0x6 hola_dspic_data.o
 __c30_signature
                  0x00058c          0x6 hola_dspic_main.o
 __c30_signature
                  0x000592          0x6 rtGetInf.o
 __c30_signature
                  0x000598          0x6 rtGetNaN.o
 __c30_signature
                  0x00059e          0x6 rt_nonfinite.o
 __c30_signature
                  0x0005a4          0x6 hola_dspic.o
 __c30_signature
                  0x0005aa          0x6 c:/progra~2/microc~1/xc16/v1.34/bin/bin/../../lib\liblega-pic30-elf.a(crt0_standard.o)
 __c30_signature
                  0x0005b0          0x6 c:/progra~2/microc~1/xc16/v1.34/bin/bin/../../lib\liblega-pic30-elf.a(data_init_standard.o)
 __c30_signature
                  0x0005b6          0x6 c:/progra~2/microc~1/xc16/v1.34/bin/bin/../../lib\libm-elf.a(addsf3.eo)
 __c30_signature
                  0x0005bc          0x6 c:/progra~2/microc~1/xc16/v1.34/bin/bin/../../lib\libm-elf.a(feqltle.eo)
 __c30_signature
                  0x0005c2          0x6 c:/progra~2/microc~1/xc16/v1.34/bin/bin/../../lib\libm-elf.a(fixsfsi.eo)
 __c30_signature
                  0x0005c8          0x6 c:/progra~2/microc~1/xc16/v1.34/bin/bin/../../lib\libm-elf.a(fixunssfsi.eo)
 __c30_signature
                  0x0005ce          0x6 c:/progra~2/microc~1/xc16/v1.34/bin/bin/../../lib\libm-elf.a(floatsisf.eo)
 __c30_signature
                  0x0005d4          0x6 c:/progra~2/microc~1/xc16/v1.34/bin/bin/../../lib\libm-elf.a(floatunsisf.eo)
 __c30_signature
                  0x0005da          0x6 c:/progra~2/microc~1/xc16/v1.34/bin/bin/../../lib\libm-elf.a(floorf.eo)
 __c30_signature
                  0x0005e0          0x6 c:/progra~2/microc~1/xc16/v1.34/bin/bin/../../lib\libm-elf.a(fmodf.eo)
 __c30_signature
                  0x0005e6          0x6 c:/progra~2/microc~1/xc16/v1.34/bin/bin/../../lib\libm-elf.a(fmodrem.eo)
 __c30_signature
                  0x0005ec          0x6 c:/progra~2/microc~1/xc16/v1.34/bin/bin/../../lib\libm-elf.a(fne.eo)
 __c30_signature
                  0x0005f2          0x6 c:/progra~2/microc~1/xc16/v1.34/bin/bin/../../lib\libm-elf.a(fpack.eo)
 __c30_signature
                  0x0005f8          0x6 c:/progra~2/microc~1/xc16/v1.34/bin/bin/../../lib\libm-elf.a(funpack.eo)
 __c30_signature
                  0x0005fe          0x6 c:/progra~2/microc~1/xc16/v1.34/bin/bin/../../lib\libm-elf.a(funpack2.eo)
 __c30_signature
                  0x000604          0x6 c:/progra~2/microc~1/xc16/v1.34/bin/bin/../../lib\libm-elf.a(futil.eo)
 __c30_signature
                  0x00060a          0x6 c:/progra~2/microc~1/xc16/v1.34/bin/bin/../../lib\libm-elf.a(ldexpf.eo)
 __c30_signature
                  0x000610          0x6 c:/progra~2/microc~1/xc16/v1.34/bin/bin/../../lib\libm-elf.a(mulsf3.eo)
 __c30_signature
                  0x000616          0x6 c:/progra~2/microc~1/xc16/v1.34/bin/bin/../../lib\libm-elf.a(errno.eo)
 __c30_signature
                  0x00061c          0x6 c:/progra~2/microc~1/xc16/v1.34/bin/bin/../../lib\libm-elf.a(fchop.eo)
 __c30_signature
                  0x000622          0x6 c:/progra~2/microc~1/xc16/v1.34/bin/bin/../../lib\libm-elf.a(fcompare.eo)
 __c30_signature
                  0x000628          0x6 c:/progra~2/microc~1/xc16/v1.34/bin/bin/../../lib\libm-elf.a(floatdisf.eo)
 __c30_signature
                  0x00062e          0x6 c:/progra~2/microc~1/xc16/v1.34/bin/bin/../../lib\libm-elf.a(floatundisf.eo)

.nbss               0x0800        0x3c6
 .nbss              0x0800        0x210 MCHP_UART1_Interrupt.o
                    0x0800                  _MCHP_UART1_Tx
                    0x0a04                  _MCHP_UART1_Rx
 .nbss              0x0a10        0x198 hola_dspic.o
                    0x0a10                  _hola_dspic_DW
 .nbss              0x0ba8         0x18 rt_nonfinite.o
                    0x0ba8                  _rtInf
                    0x0bac                  _rtMinusInf
                    0x0bb0                  _rtNaN
                    0x0bb4                  _rtInfF
                    0x0bb8                  _rtMinusInfF
                    0x0bbc                  _rtNaNF
 .nbss              0x0bc0          0x2 MCHP_ADC1_Interrupt.o
                    0x0bc0                  _ADC1BuffChannelA
 .nbss              0x0bc2          0x2 hola_dspic_main.o
                    0x0bc2                  _ContinueTimeStep
 .nbss              0x0bc4          0x2 c:/progra~2/microc~1/xc16/v1.34/bin/bin/../../lib\libm-elf.a(errno.eo)
                    0x0bc4                  _errno

.ivt._T3Interrupt
                  0x000024          0x2
 .ivt._T3Interrupt
                  0x000024          0x2 MCHP_ADC1_Interrupt.o

.ivt._ADC1Interrupt
                  0x00002e          0x2
 .ivt._ADC1Interrupt
                  0x00002e          0x2 MCHP_ADC1_Interrupt.o

.ivt._U1TXInterrupt
                  0x00002c          0x2
 .ivt._U1TXInterrupt
                  0x00002c          0x2 MCHP_UART1_Interrupt.o

.ivt._U1RXInterrupt
                  0x00002a          0x2
 .ivt._U1RXInterrupt
                  0x00002a          0x2 MCHP_UART1_Interrupt.o

.config_JTAGEN    0xf8000e          0x2
 .config_JTAGEN
                  0xf8000e          0x2 hola_dspic_main.o

.config_PWMPIN    0xf8000c          0x2
 .config_PWMPIN
                  0xf8000c          0x2 hola_dspic_main.o

.config_FWDTEN    0xf8000a          0x2
 .config_FWDTEN
                  0xf8000a          0x2 hola_dspic_main.o

.config_FCKSM     0xf80008          0x2
 .config_FCKSM    0xf80008          0x2 hola_dspic_main.o

.config_IESO      0xf80006          0x2
 .config_IESO     0xf80006          0x2 hola_dspic_main.o

.const              0x87c8        0x194 load address 0x0007c8  
 .const             0x87c8        0x194 hola_dspic_data.o
                    0x87c8                  _hola_dspic_ConstP

.text             0x00095c        0x362
 .text            0x00095c        0x228 hola_dspic.o
                  0x00095c                  _hola_dspic_step
                  0x000b32                  _hola_dspic_initialize
 .text            0x000b84         0x9e rt_nonfinite.o
                  0x000b84                  _rt_InitInfAndNaN
                  0x000baa                  _rtIsInf
                  0x000bd2                  _rtIsInfF
                  0x000bfa                  _rtIsNaN
                  0x000c0e                  _rtIsNaNF
 .text            0x000c22         0x9c hola_dspic_main.o
                  0x000c22                  _main

.dinit            0x000cbe         0x26
 .dinit           0x000cbe         0x26 data_init

.text             0x000ce4         0x36
 .text            0x000ce4         0x24 rtGetInf.o
                  0x000ce4                  _rtGetInfF
                  0x000cea                  _rtGetInf
                  0x000cf6                  _rtGetMinusInfF
                  0x000cfc                  _rtGetMinusInf
 .text            0x000d08         0x12 rtGetNaN.o
                  0x000d08                  _rtGetNaNF
                  0x000d0e                  _rtGetNaN

Cross Reference Table

Symbol                                            File
CORCON                                            c:/progra~2/microc~1/xc16/v1.34/bin/bin/../../lib\liblega-pic30-elf.a(crt0_standard.o)
_(float, int, long long, short, float, short, int) c:/progra~2/microc~1/xc16/v1.34/bin/bin/../../lib\libm-elf.a(fixsfsi.eo)
                                                  hola_dspic.o
_AD1CHS0                                          hola_dspic.o
_AD1CON1                                          hola_dspic.o
                                                  MCHP_ADC1_Interrupt.o
_AD1CON2                                          hola_dspic.o
_AD1CON3                                          hola_dspic.o
_AD1PCFGL                                         hola_dspic_main.o
_ADC1BUF0                                         MCHP_ADC1_Interrupt.o
_ADC1BuffChannelA                                 MCHP_ADC1_Interrupt.o
                                                  hola_dspic.o
_CLKDIV                                           hola_dspic_main.o
_CORCON                                           c:/progra~2/microc~1/xc16/v1.34/bin/bin/../../lib\liblega-pic30-elf.a(crt0_standard.o)
_ContinueTimeStep                                 hola_dspic_main.o
                                                  MCHP_ADC1_Interrupt.o
_IEC0bits                                         hola_dspic.o
                                                  hola_dspic_main.o
_IFS0bits                                         hola_dspic.o
                                                  hola_dspic_main.o
                                                  MCHP_UART1_Interrupt.o
                                                  MCHP_ADC1_Interrupt.o
_IPC2bits                                         hola_dspic.o
_IPC3bits                                         hola_dspic.o
_LATAbits                                         hola_dspic.o
_MCHP_UART1_Rx                                    MCHP_UART1_Interrupt.o
                                                  hola_dspic.o
_MCHP_UART1_Tx                                    MCHP_UART1_Interrupt.o
                                                  hola_dspic.o
_OSCCON                                           hola_dspic_main.o
_OSCCONbits                                       hola_dspic_main.o
_PLLFBD                                           hola_dspic_main.o
_PR3                                              hola_dspic_main.o
_PSVPAG                                           c:/progra~2/microc~1/xc16/v1.34/bin/bin/../../lib\liblega-pic30-elf.a(crt0_standard.o)
                                                  MCHP_ADC1_Interrupt.o
_RPINR18                                          hola_dspic_main.o
_RPOR4                                            hola_dspic_main.o
_SPLIM                                            c:/progra~2/microc~1/xc16/v1.34/bin/bin/../../lib\liblega-pic30-elf.a(crt0_standard.o)
_SRbits                                           hola_dspic_main.o
_T3CON                                            hola_dspic_main.o
_T3CONbits                                        hola_dspic_main.o
_TBLPAG                                           c:/progra~2/microc~1/xc16/v1.34/bin/bin/../../lib\liblega-pic30-elf.a(data_init_standard.o)
_TMR3                                             hola_dspic_main.o
_TRISA                                            hola_dspic_main.o
_TRISB                                            hola_dspic_main.o
_U1BRG                                            hola_dspic.o
_U1MODE                                           hola_dspic.o
_U1RXREG                                          hola_dspic.o
                                                  MCHP_UART1_Interrupt.o
_U1STA                                            hola_dspic.o
_U1STAbits                                        hola_dspic.o
                                                  MCHP_UART1_Interrupt.o
_U1TXREG                                          hola_dspic.o
                                                  MCHP_UART1_Interrupt.o
__ADC1Interrupt                                   MCHP_ADC1_Interrupt.o
__DefaultInterrupt                                default_isr
__MIN_STACK_SIZE                                  hola_dspic.elf
__SPLIM_init                                      hola_dspic.elf
                                                  c:/progra~2/microc~1/xc16/v1.34/bin/bin/../../lib\liblega-pic30-elf.a(crt0_standard.o)
__SP_init                                         hola_dspic.elf
                                                  c:/progra~2/microc~1/xc16/v1.34/bin/bin/../../lib\liblega-pic30-elf.a(crt0_standard.o)
__STACKGUARD_SIZE                                 hola_dspic.elf
__T3Interrupt                                     MCHP_ADC1_Interrupt.o
__U1RXInterrupt                                   MCHP_UART1_Interrupt.o
__U1TXInterrupt                                   MCHP_UART1_Interrupt.o
___addsf3                                         c:/progra~2/microc~1/xc16/v1.34/bin/bin/../../lib\libm-elf.a(addsf3.eo)
                                                  c:/progra~2/microc~1/xc16/v1.34/bin/bin/../../lib\libm-elf.a(fmodrem.eo)
                                                  hola_dspic.o
___eqsf2                                          c:/progra~2/microc~1/xc16/v1.34/bin/bin/../../lib\libm-elf.a(feqltle.eo)
                                                  rt_nonfinite.o
___fixunssfsi                                     c:/progra~2/microc~1/xc16/v1.34/bin/bin/../../lib\libm-elf.a(fixunssfsi.eo)
                                                  hola_dspic.o
___floatdisf                                      c:/progra~2/microc~1/xc16/v1.34/bin/bin/../../lib\libm-elf.a(floatdisf.eo)
                                                  c:/progra~2/microc~1/xc16/v1.34/bin/bin/../../lib\libm-elf.a(floatsisf.eo)
___floatsisf                                      c:/progra~2/microc~1/xc16/v1.34/bin/bin/../../lib\libm-elf.a(floatsisf.eo)
                                                  hola_dspic.o
___floatundisf                                    c:/progra~2/microc~1/xc16/v1.34/bin/bin/../../lib\libm-elf.a(floatundisf.eo)
                                                  c:/progra~2/microc~1/xc16/v1.34/bin/bin/../../lib\libm-elf.a(floatdisf.eo)
                                                  c:/progra~2/microc~1/xc16/v1.34/bin/bin/../../lib\libm-elf.a(floatunsisf.eo)
___floatunsisf                                    c:/progra~2/microc~1/xc16/v1.34/bin/bin/../../lib\libm-elf.a(floatunsisf.eo)
                                                  hola_dspic.o
___lesf2                                          c:/progra~2/microc~1/xc16/v1.34/bin/bin/../../lib\libm-elf.a(feqltle.eo)
___ltsf2                                          c:/progra~2/microc~1/xc16/v1.34/bin/bin/../../lib\libm-elf.a(feqltle.eo)
                                                  hola_dspic.o
___mulsf3                                         c:/progra~2/microc~1/xc16/v1.34/bin/bin/../../lib\libm-elf.a(mulsf3.eo)
                                                  hola_dspic.o
___nesf2                                          c:/progra~2/microc~1/xc16/v1.34/bin/bin/../../lib\libm-elf.a(fne.eo)
                                                  rt_nonfinite.o
___subsf3                                         c:/progra~2/microc~1/xc16/v1.34/bin/bin/../../lib\libm-elf.a(addsf3.eo)
                                                  c:/progra~2/microc~1/xc16/v1.34/bin/bin/../../lib\libm-elf.a(floorf.eo)
__bootconst_psvpage                               hola_dspic.elf
__const_length                                    hola_dspic.elf
                                                  c:/progra~2/microc~1/xc16/v1.34/bin/bin/../../lib\liblega-pic30-elf.a(crt0_standard.o)
__const_psvpage                                   hola_dspic.elf
                                                  c:/progra~2/microc~1/xc16/v1.34/bin/bin/../../lib\liblega-pic30-elf.a(crt0_standard.o)
                                                  MCHP_ADC1_Interrupt.o
__crt_start_mode                                  c:/progra~2/microc~1/xc16/v1.34/bin/bin/../../lib\liblega-pic30-elf.a(crt_start_mode_normal.Leo)
                                                  c:/progra~2/microc~1/xc16/v1.34/bin/bin/../../lib\liblega-pic30-elf.a(crt0_standard.o)
__crt_start_mode_normal                           c:/progra~2/microc~1/xc16/v1.34/bin/bin/../../lib\liblega-pic30-elf.a(crt_start_mode_normal.Leo)
__data_init                                       c:/progra~2/microc~1/xc16/v1.34/bin/bin/../../lib\liblega-pic30-elf.a(data_init_standard.o)
__data_init_standard                              c:/progra~2/microc~1/xc16/v1.34/bin/bin/../../lib\liblega-pic30-elf.a(data_init_standard.o)
                                                  c:/progra~2/microc~1/xc16/v1.34/bin/bin/../../lib\liblega-pic30-elf.a(crt0_standard.o)
__dinit_tbloffset                                 hola_dspic.elf
                                                  c:/progra~2/microc~1/xc16/v1.34/bin/bin/../../lib\liblega-pic30-elf.a(crt0_standard.o)
__dinit_tblpage                                   hola_dspic.elf
                                                  c:/progra~2/microc~1/xc16/v1.34/bin/bin/../../lib\liblega-pic30-elf.a(crt0_standard.o)
__eheap                                           hola_dspic.elf
__enable_fixed                                    hola_dspic.elf
                                                  c:/progra~2/microc~1/xc16/v1.34/bin/bin/../../lib\liblega-pic30-elf.a(crt0_standard.o)
__fPropagateNaN                                   c:/progra~2/microc~1/xc16/v1.34/bin/bin/../../lib\libm-elf.a(futil.eo)
                                                  c:/progra~2/microc~1/xc16/v1.34/bin/bin/../../lib\libm-elf.a(mulsf3.eo)
                                                  c:/progra~2/microc~1/xc16/v1.34/bin/bin/../../lib\libm-elf.a(fmodrem.eo)
                                                  c:/progra~2/microc~1/xc16/v1.34/bin/bin/../../lib\libm-elf.a(addsf3.eo)
__fbopExit                                        c:/progra~2/microc~1/xc16/v1.34/bin/bin/../../lib\libm-elf.a(futil.eo)
                                                  c:/progra~2/microc~1/xc16/v1.34/bin/bin/../../lib\libm-elf.a(mulsf3.eo)
                                                  c:/progra~2/microc~1/xc16/v1.34/bin/bin/../../lib\libm-elf.a(fmodrem.eo)
                                                  c:/progra~2/microc~1/xc16/v1.34/bin/bin/../../lib\libm-elf.a(addsf3.eo)
__fbopReturnNaN                                   c:/progra~2/microc~1/xc16/v1.34/bin/bin/../../lib\libm-elf.a(futil.eo)
                                                  c:/progra~2/microc~1/xc16/v1.34/bin/bin/../../lib\libm-elf.a(mulsf3.eo)
                                                  c:/progra~2/microc~1/xc16/v1.34/bin/bin/../../lib\libm-elf.a(fmodrem.eo)
                                                  c:/progra~2/microc~1/xc16/v1.34/bin/bin/../../lib\libm-elf.a(addsf3.eo)
__fchop                                           c:/progra~2/microc~1/xc16/v1.34/bin/bin/../../lib\libm-elf.a(fchop.eo)
                                                  c:/progra~2/microc~1/xc16/v1.34/bin/bin/../../lib\libm-elf.a(floorf.eo)
__fcompare                                        c:/progra~2/microc~1/xc16/v1.34/bin/bin/../../lib\libm-elf.a(fcompare.eo)
                                                  c:/progra~2/microc~1/xc16/v1.34/bin/bin/../../lib\libm-elf.a(fne.eo)
                                                  c:/progra~2/microc~1/xc16/v1.34/bin/bin/../../lib\libm-elf.a(feqltle.eo)
__fmodrem                                         c:/progra~2/microc~1/xc16/v1.34/bin/bin/../../lib\libm-elf.a(fmodrem.eo)
                                                  c:/progra~2/microc~1/xc16/v1.34/bin/bin/../../lib\libm-elf.a(fmodf.eo)
__fpack                                           c:/progra~2/microc~1/xc16/v1.34/bin/bin/../../lib\libm-elf.a(fpack.eo)
                                                  c:/progra~2/microc~1/xc16/v1.34/bin/bin/../../lib\libm-elf.a(floatundisf.eo)
                                                  c:/progra~2/microc~1/xc16/v1.34/bin/bin/../../lib\libm-elf.a(fchop.eo)
                                                  c:/progra~2/microc~1/xc16/v1.34/bin/bin/../../lib\libm-elf.a(mulsf3.eo)
                                                  c:/progra~2/microc~1/xc16/v1.34/bin/bin/../../lib\libm-elf.a(fmodrem.eo)
                                                  c:/progra~2/microc~1/xc16/v1.34/bin/bin/../../lib\libm-elf.a(addsf3.eo)
__funpack                                         c:/progra~2/microc~1/xc16/v1.34/bin/bin/../../lib\libm-elf.a(funpack.eo)
                                                  c:/progra~2/microc~1/xc16/v1.34/bin/bin/../../lib\libm-elf.a(fchop.eo)
                                                  c:/progra~2/microc~1/xc16/v1.34/bin/bin/../../lib\libm-elf.a(ldexpf.eo)
                                                  c:/progra~2/microc~1/xc16/v1.34/bin/bin/../../lib\libm-elf.a(funpack2.eo)
                                                  c:/progra~2/microc~1/xc16/v1.34/bin/bin/../../lib\libm-elf.a(fixunssfsi.eo)
                                                  c:/progra~2/microc~1/xc16/v1.34/bin/bin/../../lib\libm-elf.a(fixsfsi.eo)
__funpack2                                        c:/progra~2/microc~1/xc16/v1.34/bin/bin/../../lib\libm-elf.a(funpack2.eo)
                                                  c:/progra~2/microc~1/xc16/v1.34/bin/bin/../../lib\libm-elf.a(fcompare.eo)
                                                  c:/progra~2/microc~1/xc16/v1.34/bin/bin/../../lib\libm-elf.a(mulsf3.eo)
                                                  c:/progra~2/microc~1/xc16/v1.34/bin/bin/../../lib\libm-elf.a(fmodrem.eo)
                                                  c:/progra~2/microc~1/xc16/v1.34/bin/bin/../../lib\libm-elf.a(addsf3.eo)
__has_user_init                                   c:/progra~2/microc~1/xc16/v1.34/bin/bin/../../lib\liblega-pic30-elf.a(crt0_standard.o)
__heap                                            hola_dspic.elf
__linked_.aivt._AltADC1Interrupt                  hola_dspic.elf
__linked_.aivt._AltAddressError                   hola_dspic.elf
__linked_.aivt._AltCNInterrupt                    hola_dspic.elf
__linked_.aivt._AltFLTA1Interrupt                 hola_dspic.elf
__linked_.aivt._AltFLTA2Interrupt                 hola_dspic.elf
__linked_.aivt._AltIC1Interrupt                   hola_dspic.elf
__linked_.aivt._AltIC2Interrupt                   hola_dspic.elf
__linked_.aivt._AltIC7Interrupt                   hola_dspic.elf
__linked_.aivt._AltIC8Interrupt                   hola_dspic.elf
__linked_.aivt._AltINT0Interrupt                  hola_dspic.elf
__linked_.aivt._AltINT1Interrupt                  hola_dspic.elf
__linked_.aivt._AltINT2Interrupt                  hola_dspic.elf
__linked_.aivt._AltInterrupt14                    hola_dspic.elf
__linked_.aivt._AltInterrupt15                    hola_dspic.elf
__linked_.aivt._AltInterrupt18                    hola_dspic.elf
__linked_.aivt._AltInterrupt21                    hola_dspic.elf
__linked_.aivt._AltInterrupt24                    hola_dspic.elf
__linked_.aivt._AltInterrupt25                    hola_dspic.elf
__linked_.aivt._AltInterrupt26                    hola_dspic.elf
__linked_.aivt._AltInterrupt27                    hola_dspic.elf
__linked_.aivt._AltInterrupt28                    hola_dspic.elf
__linked_.aivt._AltInterrupt30                    hola_dspic.elf
__linked_.aivt._AltInterrupt31                    hola_dspic.elf
__linked_.aivt._AltInterrupt32                    hola_dspic.elf
__linked_.aivt._AltInterrupt33                    hola_dspic.elf
__linked_.aivt._AltInterrupt34                    hola_dspic.elf
__linked_.aivt._AltInterrupt35                    hola_dspic.elf
__linked_.aivt._AltInterrupt36                    hola_dspic.elf
__linked_.aivt._AltInterrupt37                    hola_dspic.elf
__linked_.aivt._AltInterrupt38                    hola_dspic.elf
__linked_.aivt._AltInterrupt39                    hola_dspic.elf
__linked_.aivt._AltInterrupt4                     hola_dspic.elf
__linked_.aivt._AltInterrupt40                    hola_dspic.elf
__linked_.aivt._AltInterrupt41                    hola_dspic.elf
__linked_.aivt._AltInterrupt42                    hola_dspic.elf
__linked_.aivt._AltInterrupt43                    hola_dspic.elf
__linked_.aivt._AltInterrupt44                    hola_dspic.elf
__linked_.aivt._AltInterrupt45                    hola_dspic.elf
__linked_.aivt._AltInterrupt46                    hola_dspic.elf
__linked_.aivt._AltInterrupt47                    hola_dspic.elf
__linked_.aivt._AltInterrupt48                    hola_dspic.elf
__linked_.aivt._AltInterrupt49                    hola_dspic.elf
__linked_.aivt._AltInterrupt50                    hola_dspic.elf
__linked_.aivt._AltInterrupt51                    hola_dspic.elf
__linked_.aivt._AltInterrupt52                    hola_dspic.elf
__linked_.aivt._AltInterrupt53                    hola_dspic.elf
__linked_.aivt._AltInterrupt54                    hola_dspic.elf
__linked_.aivt._AltInterrupt55                    hola_dspic.elf
__linked_.aivt._AltInterrupt56                    hola_dspic.elf
__linked_.aivt._AltInterrupt59                    hola_dspic.elf
__linked_.aivt._AltInterrupt60                    hola_dspic.elf
__linked_.aivt._AltInterrupt61                    hola_dspic.elf
__linked_.aivt._AltInterrupt62                    hola_dspic.elf
__linked_.aivt._AltInterrupt64                    hola_dspic.elf
__linked_.aivt._AltInterrupt66                    hola_dspic.elf
__linked_.aivt._AltInterrupt67                    hola_dspic.elf
__linked_.aivt._AltInterrupt68                    hola_dspic.elf
__linked_.aivt._AltInterrupt69                    hola_dspic.elf
__linked_.aivt._AltInterrupt70                    hola_dspic.elf
__linked_.aivt._AltInterrupt71                    hola_dspic.elf
__linked_.aivt._AltInterrupt72                    hola_dspic.elf
__linked_.aivt._AltMI2C1Interrupt                 hola_dspic.elf
__linked_.aivt._AltMPWM1Interrupt                 hola_dspic.elf
__linked_.aivt._AltMPWM2Interrupt                 hola_dspic.elf
__linked_.aivt._AltMathError                      hola_dspic.elf
__linked_.aivt._AltOC1Interrupt                   hola_dspic.elf
__linked_.aivt._AltOC2Interrupt                   hola_dspic.elf
__linked_.aivt._AltOscillatorFail                 hola_dspic.elf
__linked_.aivt._AltQEIInterrupt                   hola_dspic.elf
__linked_.aivt._AltReservedTrap0                  hola_dspic.elf
__linked_.aivt._AltReservedTrap5                  hola_dspic.elf
__linked_.aivt._AltReservedTrap6                  hola_dspic.elf
__linked_.aivt._AltReservedTrap7                  hola_dspic.elf
__linked_.aivt._AltSI2C1Interrupt                 hola_dspic.elf
__linked_.aivt._AltSPI1ErrInterrupt               hola_dspic.elf
__linked_.aivt._AltSPI1Interrupt                  hola_dspic.elf
__linked_.aivt._AltStackError                     hola_dspic.elf
__linked_.aivt._AltT1Interrupt                    hola_dspic.elf
__linked_.aivt._AltT2Interrupt                    hola_dspic.elf
__linked_.aivt._AltT3Interrupt                    hola_dspic.elf
__linked_.aivt._AltU1ErrInterrupt                 hola_dspic.elf
__linked_.aivt._AltU1RXInterrupt                  hola_dspic.elf
__linked_.aivt._AltU1TXInterrupt                  hola_dspic.elf
__linked_.config_FCKSM                            hola_dspic.elf
__linked_.config_FWDTEN                           hola_dspic.elf
__linked_.config_IESO                             hola_dspic.elf
__linked_.config_JTAGEN                           hola_dspic.elf
__linked_.config_PWMPIN                           hola_dspic.elf
__linked_.const                                   hola_dspic.elf
__linked_.debug_abbrev                            hola_dspic.elf
__linked_.debug_aranges                           hola_dspic.elf
__linked_.debug_frame                             hola_dspic.elf
__linked_.debug_info                              hola_dspic.elf
__linked_.debug_line                              hola_dspic.elf
__linked_.debug_pubnames                          hola_dspic.elf
__linked_.debug_pubtypes                          hola_dspic.elf
__linked_.debug_str                               hola_dspic.elf
__linked_.dinit                                   hola_dspic.elf
__linked_.ivt._ADC1Interrupt                      hola_dspic.elf
__linked_.ivt._AddressError                       hola_dspic.elf
__linked_.ivt._CNInterrupt                        hola_dspic.elf
__linked_.ivt._FLTA1Interrupt                     hola_dspic.elf
__linked_.ivt._FLTA2Interrupt                     hola_dspic.elf
__linked_.ivt._IC1Interrupt                       hola_dspic.elf
__linked_.ivt._IC2Interrupt                       hola_dspic.elf
__linked_.ivt._IC7Interrupt                       hola_dspic.elf
__linked_.ivt._IC8Interrupt                       hola_dspic.elf
__linked_.ivt._INT0Interrupt                      hola_dspic.elf
__linked_.ivt._INT1Interrupt                      hola_dspic.elf
__linked_.ivt._INT2Interrupt                      hola_dspic.elf
__linked_.ivt._Interrupt14                        hola_dspic.elf
__linked_.ivt._Interrupt15                        hola_dspic.elf
__linked_.ivt._Interrupt18                        hola_dspic.elf
__linked_.ivt._Interrupt21                        hola_dspic.elf
__linked_.ivt._Interrupt24                        hola_dspic.elf
__linked_.ivt._Interrupt25                        hola_dspic.elf
__linked_.ivt._Interrupt26                        hola_dspic.elf
__linked_.ivt._Interrupt27                        hola_dspic.elf
__linked_.ivt._Interrupt28                        hola_dspic.elf
__linked_.ivt._Interrupt30                        hola_dspic.elf
__linked_.ivt._Interrupt31                        hola_dspic.elf
__linked_.ivt._Interrupt32                        hola_dspic.elf
__linked_.ivt._Interrupt33                        hola_dspic.elf
__linked_.ivt._Interrupt34                        hola_dspic.elf
__linked_.ivt._Interrupt35                        hola_dspic.elf
__linked_.ivt._Interrupt36                        hola_dspic.elf
__linked_.ivt._Interrupt37                        hola_dspic.elf
__linked_.ivt._Interrupt38                        hola_dspic.elf
__linked_.ivt._Interrupt39                        hola_dspic.elf
__linked_.ivt._Interrupt4                         hola_dspic.elf
__linked_.ivt._Interrupt40                        hola_dspic.elf
__linked_.ivt._Interrupt41                        hola_dspic.elf
__linked_.ivt._Interrupt42                        hola_dspic.elf
__linked_.ivt._Interrupt43                        hola_dspic.elf
__linked_.ivt._Interrupt44                        hola_dspic.elf
__linked_.ivt._Interrupt45                        hola_dspic.elf
__linked_.ivt._Interrupt46                        hola_dspic.elf
__linked_.ivt._Interrupt47                        hola_dspic.elf
__linked_.ivt._Interrupt48                        hola_dspic.elf
__linked_.ivt._Interrupt49                        hola_dspic.elf
__linked_.ivt._Interrupt50                        hola_dspic.elf
__linked_.ivt._Interrupt51                        hola_dspic.elf
__linked_.ivt._Interrupt52                        hola_dspic.elf
__linked_.ivt._Interrupt53                        hola_dspic.elf
__linked_.ivt._Interrupt54                        hola_dspic.elf
__linked_.ivt._Interrupt55                        hola_dspic.elf
__linked_.ivt._Interrupt56                        hola_dspic.elf
__linked_.ivt._Interrupt59                        hola_dspic.elf
__linked_.ivt._Interrupt60                        hola_dspic.elf
__linked_.ivt._Interrupt61                        hola_dspic.elf
__linked_.ivt._Interrupt62                        hola_dspic.elf
__linked_.ivt._Interrupt64                        hola_dspic.elf
__linked_.ivt._Interrupt66                        hola_dspic.elf
__linked_.ivt._Interrupt67                        hola_dspic.elf
__linked_.ivt._Interrupt68                        hola_dspic.elf
__linked_.ivt._Interrupt69                        hola_dspic.elf
__linked_.ivt._Interrupt70                        hola_dspic.elf
__linked_.ivt._Interrupt71                        hola_dspic.elf
__linked_.ivt._Interrupt72                        hola_dspic.elf
__linked_.ivt._MI2C1Interrupt                     hola_dspic.elf
__linked_.ivt._MPWM1Interrupt                     hola_dspic.elf
__linked_.ivt._MPWM2Interrupt                     hola_dspic.elf
__linked_.ivt._MathError                          hola_dspic.elf
__linked_.ivt._OC1Interrupt                       hola_dspic.elf
__linked_.ivt._OC2Interrupt                       hola_dspic.elf
__linked_.ivt._OscillatorFail                     hola_dspic.elf
__linked_.ivt._QEIInterrupt                       hola_dspic.elf
__linked_.ivt._ReservedTrap0                      hola_dspic.elf
__linked_.ivt._ReservedTrap5                      hola_dspic.elf
__linked_.ivt._ReservedTrap6                      hola_dspic.elf
__linked_.ivt._ReservedTrap7                      hola_dspic.elf
__linked_.ivt._SI2C1Interrupt                     hola_dspic.elf
__linked_.ivt._SPI1ErrInterrupt                   hola_dspic.elf
__linked_.ivt._SPI1Interrupt                      hola_dspic.elf
__linked_.ivt._StackError                         hola_dspic.elf
__linked_.ivt._T1Interrupt                        hola_dspic.elf
__linked_.ivt._T2Interrupt                        hola_dspic.elf
__linked_.ivt._T3Interrupt                        hola_dspic.elf
__linked_.ivt._U1ErrInterrupt                     hola_dspic.elf
__linked_.ivt._U1RXInterrupt                      hola_dspic.elf
__linked_.ivt._U1TXInterrupt                      hola_dspic.elf
__linked_.nbss                                    hola_dspic.elf
__linked_.reset                                   hola_dspic.elf
__linked_.text                                    hola_dspic.elf
__linked___c30_signature                          hola_dspic.elf
__psv_init                                        c:/progra~2/microc~1/xc16/v1.34/bin/bin/../../lib\liblega-pic30-elf.a(crt0_standard.o)
__reset                                           c:/progra~2/microc~1/xc16/v1.34/bin/bin/../../lib\liblega-pic30-elf.a(crt0_standard.o)
__resetALT                                        hola_dspic.elf
__resetPRI                                        c:/progra~2/microc~1/xc16/v1.34/bin/bin/../../lib\liblega-pic30-elf.a(crt0_standard.o)
__restart_dinit_tbloffset                         hola_dspic.elf
                                                  c:/progra~2/microc~1/xc16/v1.34/bin/bin/../../lib\liblega-pic30-elf.a(crt0_standard.o)
__restart_dinit_tblpage                           hola_dspic.elf
                                                  c:/progra~2/microc~1/xc16/v1.34/bin/bin/../../lib\liblega-pic30-elf.a(crt0_standard.o)
__restart_shared_dinit_addr                       hola_dspic.elf
__secureconst_psvpage                             hola_dspic.elf
__shared_dinit_addr                               hola_dspic.elf
__user_init                                       c:/progra~2/microc~1/xc16/v1.34/bin/bin/../../lib\liblega-pic30-elf.a(crt0_standard.o)
_errno                                            c:/progra~2/microc~1/xc16/v1.34/bin/bin/../../lib\libm-elf.a(errno.eo)
                                                  c:/progra~2/microc~1/xc16/v1.34/bin/bin/../../lib\libm-elf.a(ldexpf.eo)
                                                  c:/progra~2/microc~1/xc16/v1.34/bin/bin/../../lib\libm-elf.a(fmodrem.eo)
_floorf                                           c:/progra~2/microc~1/xc16/v1.34/bin/bin/../../lib\libm-elf.a(floorf.eo)
                                                  hola_dspic.o
_fmodf                                            c:/progra~2/microc~1/xc16/v1.34/bin/bin/../../lib\libm-elf.a(fmodf.eo)
                                                  hola_dspic.o
_hola_dspic_ConstP                                hola_dspic_data.o
                                                  hola_dspic.o
_hola_dspic_DW                                    hola_dspic.o
_hola_dspic_initialize                            hola_dspic.o
                                                  hola_dspic_main.o
_hola_dspic_step                                  hola_dspic.o
                                                  hola_dspic_main.o
_ldexpf                                           c:/progra~2/microc~1/xc16/v1.34/bin/bin/../../lib\libm-elf.a(ldexpf.eo)
                                                  hola_dspic.o
_main                                             hola_dspic_main.o
                                                  c:/progra~2/microc~1/xc16/v1.34/bin/bin/../../lib\liblega-pic30-elf.a(crt0_standard.o)
_rtGetInf                                         rtGetInf.o
                                                  rt_nonfinite.o
_rtGetInfF                                        rtGetInf.o
                                                  rt_nonfinite.o
_rtGetMinusInf                                    rtGetInf.o
                                                  rt_nonfinite.o
_rtGetMinusInfF                                   rtGetInf.o
                                                  rt_nonfinite.o
_rtGetNaN                                         rtGetNaN.o
                                                  rt_nonfinite.o
_rtGetNaNF                                        rtGetNaN.o
                                                  rt_nonfinite.o
_rtInf                                            rt_nonfinite.o
_rtInfF                                           rt_nonfinite.o
_rtIsInf                                          rt_nonfinite.o
_rtIsInfF                                         rt_nonfinite.o
                                                  hola_dspic.o
_rtIsNaN                                          rt_nonfinite.o
_rtIsNaNF                                         rt_nonfinite.o
                                                  hola_dspic.o
_rtMinusInf                                       rt_nonfinite.o
_rtMinusInfF                                      rt_nonfinite.o
_rtNaN                                            rt_nonfinite.o
_rtNaNF                                           rt_nonfinite.o
_rt_InitInfAndNaN                                 rt_nonfinite.o
                                                  hola_dspic.o
